
> cpr-calculator-platform@0.1.0 test
> tsc --noEmit && node --test -r tsx src/tests/**/*.test.ts

Γû╢ Analytics API Route Logic
  Γ£ö Breakeven classification and winRate math is correct (66.7924ms)
Γ£ö Analytics API Route Logic (83.3886ms)
Γû╢ BTST backtest ΓÇö single-day EOD-forced-exit simulation (Task I)
  Γ£ö Case 1: LONG ΓÇö target hit intraday on next day (2.9178ms)
  Γ£ö Case 2: LONG ΓÇö SL hit intraday on next day (0.394ms)
  Γ£ö Case 3: LONG ΓÇö neither SL nor target hit ΓåÆ EOD forced exit at close (0.3684ms)
  Γ£ö Case 4: SHORT ΓÇö target hit intraday on next day (0.3154ms)
  Γ£ö Case 5: SHORT ΓÇö neither SL nor target hit ΓåÆ EOD forced exit at close (0.2829ms)
Γ£ö BTST backtest ΓÇö single-day EOD-forced-exit simulation (Task I) (6.4438ms)
Γû╢ TradeEngine ΓÇö CLOSED_TIME_EXIT at exact window boundary
  Γ£ö exits CLOSED_TIME_EXIT when SL/Target not hit within 3-day window (3.7171ms)
  Γ£ö exits CLOSED_TIME_EXIT at day 1 when window is 1 candle (0.4237ms)
  Γ£ö exits CLOSED_SL before window boundary if SL is hit (0.6105ms)
  Γ£ö exits CLOSED_TARGET before window boundary if Target is hit (0.4777ms)
  Γ£ö CLOSED_TIME_EXIT ΓÇö exit price is close of LAST candle in bounded window (0.4478ms)
Γ£ö TradeEngine ΓÇö CLOSED_TIME_EXIT at exact window boundary (8.3453ms)
Γû╢ Backtest ΓÇö no overlapping same-symbol trades within holding window
  Γ£ö blockedUntilIndex correctly prevents entries during cooldown window (1.6401ms)
  Γ£ö cooldown resets correctly for each new symbol (independent trackers) (0.6505ms)
Γ£ö Backtest ΓÇö no overlapping same-symbol trades within holding window (3.2602ms)
Γû╢ Metrics Service ΓÇö Signal Bucketing
  Γ£ö groups trades with the same stable signal key into a single signalSuccess bucket (1.4327ms)
  Γ£ö excludes breakeven trades (pnl === 0) from losingTrades denominator (0.6687ms)
  Γ£ö computes drawdown relative to initialCapital parameter (0.3717ms)
Γ£ö Metrics Service ΓÇö Signal Bucketing (4.6947ms)
Γû╢ BacktestService ΓÇö evaluateTrigger Breakout Trigger Tests
  Γ£ö triggers on day i+2 via gap-open (gap-fill case) (0.4315ms)
  Γ£ö triggers on day i+3 via intraday touch (normal-fill case) (0.3364ms)
  Γ£ö never triggers within trigger window (NEVER_TRIGGERED case) (0.1877ms)
Γ£ö BacktestService ΓÇö evaluateTrigger Breakout Trigger Tests (1.6243ms)
Γû╢ TradeEngineService ΓÇö SCANNER_DRIVEN holding period and safety valve
  Γ£ö legacy 2-day cap force-closes trade on time (0.3438ms)
  Γ£ö scanner-driven 20-day safety valve allows target hit on day 6 (0.2352ms)
Γ£ö TradeEngineService ΓÇö SCANNER_DRIVEN holding period and safety valve (0.9987ms)
Redis error: AggregateError [ECONNREFUSED]: 
    at internalConnectMultiple (node:net:1193:18)
    at afterConnectMultiple (node:net:1783:7) {
  code: 'ECONNREFUSED',
  [errors]: [
    Error: connect ECONNREFUSED ::1:6379
        at createConnectionError (node:net:1746:14)
        at afterConnectMultiple (node:net:1776:16) {
      errno: -4078,
      code: 'ECONNREFUSED',
      syscall: 'connect',
      address: '::1',
      port: 6379
    },
    Error: connect ECONNREFUSED 127.0.0.1:6379
        at createConnectionError (node:net:1746:14)
        at afterConnectMultiple (node:net:1776:16) {
      errno: -4078,
      code: 'ECONNREFUSED',
      syscall: 'connect',
      address: '127.0.0.1',
      port: 6379
    }
  ]
}
Redis error: AggregateError [ECONNREFUSED]: 
    at internalConnectMultiple (node:net:1193:18)
    at afterConnectMultiple (node:net:1783:7) {
  code: 'ECONNREFUSED',
  [errors]: [
    Error: connect ECONNREFUSED ::1:6379
        at createConnectionError (node:net:1746:14)
        at afterConnectMultiple (node:net:1776:16) {
      errno: -4078,
      code: 'ECONNREFUSED',
      syscall: 'connect',
      address: '::1',
      port: 6379
    },
    Error: connect ECONNREFUSED 127.0.0.1:6379
        at createConnectionError (node:net:1746:14)
        at afterConnectMultiple (node:net:1776:16) {
      errno: -4078,
      code: 'ECONNREFUSED',
      syscall: 'connect',
      address: '127.0.0.1',
      port: 6379
    }
  ]
}
Redis error: AggregateError [ECONNREFUSED]: 
    at internalConnectMultiple (node:net:1193:18)
    at afterConnectMultiple (node:net:1783:7) {
  code: 'ECONNREFUSED',
  [errors]: [
    Error: connect ECONNREFUSED ::1:6379
        at createConnectionError (node:net:1746:14)
        at afterConnectMultiple (node:net:1776:16) {
      errno: -4078,
      code: 'ECONNREFUSED',
      syscall: 'connect',
      address: '::1',
      port: 6379
    },
    Error: connect ECONNREFUSED 127.0.0.1:6379
        at createConnectionError (node:net:1746:14)
        at afterConnectMultiple (node:net:1776:16) {
      errno: -4078,
      code: 'ECONNREFUSED',
      syscall: 'connect',
      address: '127.0.0.1',
      port: 6379
    }
  ]
}
Redis error: AggregateError [ECONNREFUSED]: 
    at internalConnectMultiple (node:net:1193:18)
    at afterConnectMultiple (node:net:1783:7) {
  code: 'ECONNREFUSED',
  [errors]: [
    Error: connect ECONNREFUSED ::1:6379
        at createConnectionError (node:net:1746:14)
        at afterConnectMultiple (node:net:1776:16) {
      errno: -4078,
      code: 'ECONNREFUSED',
      syscall: 'connect',
      address: '::1',
      port: 6379
    },
    Error: connect ECONNREFUSED 127.0.0.1:6379
        at createConnectionError (node:net:1746:14)
        at afterConnectMultiple (node:net:1776:16) {
      errno: -4078,
      code: 'ECONNREFUSED',
      syscall: 'connect',
      address: '127.0.0.1',
      port: 6379
    }
  ]
}
Redis unreachable, falling back to memory cache.
[BreakoutWatcher] Could not read state for SBIN: Error: Simulated DB connection error
    at Proxy.import_db.prisma.breakoutAlertState.findUnique (C:\Users\hiren\.gemini\antigravity\scratch\cpr-calculator-platform\src\tests\breakout-watcher.test.ts:182:13)
    at BreakoutWatcherService.detectNewBreakouts (C:\Users\hiren\.gemini\antigravity\scratch\cpr-calculator-platform\src\services\alert\breakout-watcher.service.ts:32:55)
    at TestContext.<anonymous> (C:\Users\hiren\.gemini\antigravity\scratch\cpr-calculator-platform\src\tests\breakout-watcher.test.ts:197:52)
    at Test.runInAsyncScope (node:async_hooks:227:14)
    at Test.run (node:internal/test_runner/test:1201:25)
    at Test.start (node:internal/test_runner/test:1096:17)
    at TestContext.test (node:internal/test_runner/test:377:20)
    at TestContext.<anonymous> (C:\Users\hiren\.gemini\antigravity\scratch\cpr-calculator-platform\src\tests\breakout-watcher.test.ts:176:11)
    at async Test.run (node:internal/test_runner/test:1208:7)
    at async startSubtestAfterBootstrap (node:internal/test_runner/harness:385:3)
Γû╢ BreakoutWatcher ΓÇö deduplication logic
  Γ£ö first time a symbol shows BREAKOUT ΓåÆ detected as new, included in newBreakouts (1.9434ms)
  Γ£ö same symbol still showing BREAKOUT on next scan ΓåÆ NOT re-detected (dedup works) (0.3886ms)
  Γ£ö symbol loses BREAKOUT then regains it ΓåÆ detected as new again (transition tracking) (0.3716ms)
  Γ£ö resetDailyState clears hadBreakout flags (simulated) (0.3468ms)
  Γ£ö stock with no BREAKOUT signal never triggers an alert (0.287ms)
  Γ£ö multiple symbols ΓÇö only new breakouts are returned, not existing ones (0.4534ms)
  Γ£ö empty scan result ΓåÆ empty newBreakouts, no state mutations (0.2519ms)
  Γ£ö BreakoutWatcherService skips alert if DB read throws (14.3528ms)
Γ£ö BreakoutWatcher ΓÇö deduplication logic (42.5695ms)
Γû╢ BTST Scoring Engine Tests
  Γ£ö Stock A: LONG setup (Score >= 80, Gap >= 20) (42.603ms)
  Γ£ö Stock B: SHORT setup (Score >= 80, Gap >= 20) (1.5956ms)
  Γ£ö Stock C: NEUTRAL_CONFLICT (Scores close to each other) (1.0335ms)
  Γ£ö Stock D: WEAK (Max score < 10) (1.2545ms)
  Γ£ö Stock E: NEUTRAL_CONFLICT (Max score between 10 and 30) (0.9495ms)
  Γ£ö asOfDate override changes candle selection vs. different date (1.113ms)
  Γ£ö asOfDate override is deterministic: same date always produces same output (1.268ms)
  Γ£ö no asOfDate produces same result as calling with real today date (1.6861ms)
  Γ£ö discover() filters out illiquid stocks via the hard liquidity gate (3.186ms)
  Γ£ö isExecutionWindowOpen() enforces 15:10 - 15:25 IST window (5.2765ms)
Γ£ö BTST Scoring Engine Tests (62.9625ms)
Redis error: AggregateError [ECONNREFUSED]: 
    at internalConnectMultiple (node:net:1193:18)
    at afterConnectMultiple (node:net:1783:7) {
  code: 'ECONNREFUSED',
  [errors]: [
    Error: connect ECONNREFUSED ::1:6379
        at createConnectionError (node:net:1746:14)
        at afterConnectMultiple (node:net:1776:16) {
      errno: -4078,
      code: 'ECONNREFUSED',
      syscall: 'connect',
      address: '::1',
      port: 6379
    },
    Error: connect ECONNREFUSED 127.0.0.1:6379
        at createConnectionError (node:net:1746:14)
        at afterConnectMultiple (node:net:1776:16) {
      errno: -4078,
      code: 'ECONNREFUSED',
      syscall: 'connect',
      address: '127.0.0.1',
      port: 6379
    }
  ]
}
Redis error: AggregateError [ECONNREFUSED]: 
    at internalConnectMultiple (node:net:1193:18)
    at afterConnectMultiple (node:net:1783:7) {
  code: 'ECONNREFUSED',
  [errors]: [
    Error: connect ECONNREFUSED ::1:6379
        at createConnectionError (node:net:1746:14)
        at afterConnectMultiple (node:net:1776:16) {
      errno: -4078,
      code: 'ECONNREFUSED',
      syscall: 'connect',
      address: '::1',
      port: 6379
    },
    Error: connect ECONNREFUSED 127.0.0.1:6379
        at createConnectionError (node:net:1746:14)
        at afterConnectMultiple (node:net:1776:16) {
      errno: -4078,
      code: 'ECONNREFUSED',
      syscall: 'connect',
      address: '127.0.0.1',
      port: 6379
    }
  ]
}
Redis error: AggregateError [ECONNREFUSED]: 
    at internalConnectMultiple (node:net:1193:18)
    at afterConnectMultiple (node:net:1783:7) {
  code: 'ECONNREFUSED',
  [errors]: [
    Error: connect ECONNREFUSED ::1:6379
        at createConnectionError (node:net:1746:14)
        at afterConnectMultiple (node:net:1776:16) {
      errno: -4078,
      code: 'ECONNREFUSED',
      syscall: 'connect',
      address: '::1',
      port: 6379
    },
    Error: connect ECONNREFUSED 127.0.0.1:6379
        at createConnectionError (node:net:1746:14)
        at afterConnectMultiple (node:net:1776:16) {
      errno: -4078,
      code: 'ECONNREFUSED',
      syscall: 'connect',
      address: '127.0.0.1',
      port: 6379
    }
  ]
}
Redis error: AggregateError [ECONNREFUSED]: 
    at internalConnectMultiple (node:net:1193:18)
    at afterConnectMultiple (node:net:1783:7) {
  code: 'ECONNREFUSED',
  [errors]: [
    Error: connect ECONNREFUSED ::1:6379
        at createConnectionError (node:net:1746:14)
        at afterConnectMultiple (node:net:1776:16) {
      errno: -4078,
      code: 'ECONNREFUSED',
      syscall: 'connect',
      address: '::1',
      port: 6379
    },
    Error: connect ECONNREFUSED 127.0.0.1:6379
        at createConnectionError (node:net:1746:14)
        at afterConnectMultiple (node:net:1776:16) {
      errno: -4078,
      code: 'ECONNREFUSED',
      syscall: 'connect',
      address: '127.0.0.1',
      port: 6379
    }
  ]
}
Redis unreachable, falling back to memory cache.
Γ£ö CacheService falsy values (3.216ms)
Redis error: AggregateError [ECONNREFUSED]: 
    at internalConnectMultiple (node:net:1193:18)
    at afterConnectMultiple (node:net:1783:7) {
  code: 'ECONNREFUSED',
  [errors]: [
    Error: connect ECONNREFUSED ::1:6379
        at createConnectionError (node:net:1746:14)
        at afterConnectMultiple (node:net:1776:16) {
      errno: -4078,
      code: 'ECONNREFUSED',
      syscall: 'connect',
      address: '::1',
      port: 6379
    },
    Error: connect ECONNREFUSED 127.0.0.1:6379
        at createConnectionError (node:net:1746:14)
        at afterConnectMultiple (node:net:1776:16) {
      errno: -4078,
      code: 'ECONNREFUSED',
      syscall: 'connect',
      address: '127.0.0.1',
      port: 6379
    }
  ]
}
Redis error: AggregateError [ECONNREFUSED]: 
    at internalConnectMultiple (node:net:1193:18)
    at afterConnectMultiple (node:net:1783:7) {
  code: 'ECONNREFUSED',
  [errors]: [
    Error: connect ECONNREFUSED ::1:6379
        at createConnectionError (node:net:1746:14)
        at afterConnectMultiple (node:net:1776:16) {
      errno: -4078,
      code: 'ECONNREFUSED',
      syscall: 'connect',
      address: '::1',
      port: 6379
    },
    Error: connect ECONNREFUSED 127.0.0.1:6379
        at createConnectionError (node:net:1746:14)
        at afterConnectMultiple (node:net:1776:16) {
      errno: -4078,
      code: 'ECONNREFUSED',
      syscall: 'connect',
      address: '127.0.0.1',
      port: 6379
    }
  ]
}
Redis error: AggregateError [ECONNREFUSED]: 
    at internalConnectMultiple (node:net:1193:18)
    at afterConnectMultiple (node:net:1783:7) {
  code: 'ECONNREFUSED',
  [errors]: [
    Error: connect ECONNREFUSED ::1:6379
        at createConnectionError (node:net:1746:14)
        at afterConnectMultiple (node:net:1776:16) {
      errno: -4078,
      code: 'ECONNREFUSED',
      syscall: 'connect',
      address: '::1',
      port: 6379
    },
    Error: connect ECONNREFUSED 127.0.0.1:6379
        at createConnectionError (node:net:1746:14)
        at afterConnectMultiple (node:net:1776:16) {
      errno: -4078,
      code: 'ECONNREFUSED',
      syscall: 'connect',
      address: '127.0.0.1',
      port: 6379
    }
  ]
}
Redis error: AggregateError [ECONNREFUSED]: 
    at internalConnectMultiple (node:net:1193:18)
    at afterConnectMultiple (node:net:1783:7) {
  code: 'ECONNREFUSED',
  [errors]: [
    Error: connect ECONNREFUSED ::1:6379
        at createConnectionError (node:net:1746:14)
        at afterConnectMultiple (node:net:1776:16) {
      errno: -4078,
      code: 'ECONNREFUSED',
      syscall: 'connect',
      address: '::1',
      port: 6379
    },
    Error: connect ECONNREFUSED 127.0.0.1:6379
        at createConnectionError (node:net:1746:14)
        at afterConnectMultiple (node:net:1776:16) {
      errno: -4078,
      code: 'ECONNREFUSED',
      syscall: 'connect',
      address: '127.0.0.1',
      port: 6379
    }
  ]
}
Redis unreachable, falling back to memory cache.
Γû╢ CPR Engine Calculations
  Γ£ö calculates correct levels with balanced inputs (1.5367ms)
  Γ£ö handles normalization (TC and BC swap) correctly (0.4705ms)
Γ£ö CPR Engine Calculations (4.0185ms)
Γû╢ CPR Inputs Schema Validation
  Γ£ö succeeds for valid inputs (2.8873ms)
  Γ£ö fails when High <= Low (0.9611ms)
  Γ£ö fails when Close is outside range (0.5023ms)
Γ£ö CPR Inputs Schema Validation (5.1565ms)
Γû╢ HistoryService Cache Scoped Eviction Tests
  Γ£ö deleteEntry() evicts only scoped calculation history keys and preserves unrelated cache keys (15.0492ms)
Γ£ö HistoryService Cache Scoped Eviction Tests (20.8241ms)
Redis connection issue, using memory cache fallback: 
Redis initial connection failed, will use memory cache fallback: Connection is closed.
Γû╢ TradeJournalService Phase 3
  Γ£û Classifies EXECUTION_SLIPPAGE correctly (4149.65ms)
  Γ£û Classifies EVENT_RISK_AVOIDABLE correctly (4050.5389ms)
  Γ£ö getStats calculates totalAllTrades and totalClosedTrades correctly (4.2751ms)
Γ£û TradeJournalService Phase 3 (8207.2298ms)
Γû╢ Market Hours Utilities
  Γû╢ getISTDateString
    Γ£ö returns the correct IST date during UTC midnight rollover (pre-IST midnight) (3.1698ms)
    Γ£ö returns the correct IST date during the 5.5 hour mismatch window (0.4604ms)
    Γ£ö returns the correct IST date when UTC and IST days match (0.3185ms)
    Γ£ö matches getISTTime().dateString behavior (36.4848ms)
  Γ£ö getISTDateString (42.1792ms)
  Γû╢ isTodayCandleClosed (Live Market Scenario Regression)
    Γ£ö returns false during live market hours (e.g., 2:30 PM IST) (1.2769ms)
    Γ£ö returns false right before market close (15:29 IST) (0.7062ms)
    Γ£ö returns true exactly at market close (15:30 IST) (0.7888ms)
    Γ£ö returns true after market close (e.g., 4:00 PM IST) (1.1693ms)
  Γ£ö isTodayCandleClosed (Live Market Scenario Regression) (4.799ms)
Γ£ö Market Hours Utilities (48.0283ms)
Γ£ö OptionChainService fetchOptionQuote regex supports & (4.3542ms)
Redis error: AggregateError [ECONNREFUSED]: 
    at internalConnectMultiple (node:net:1193:18)
    at afterConnectMultiple (node:net:1783:7) {
  code: 'ECONNREFUSED',
  [errors]: [
    Error: connect ECONNREFUSED ::1:6379
        at createConnectionError (node:net:1746:14)
        at afterConnectMultiple (node:net:1776:16) {
      errno: -4078,
      code: 'ECONNREFUSED',
      syscall: 'connect',
      address: '::1',
      port: 6379
    },
    Error: connect ECONNREFUSED 127.0.0.1:6379
        at createConnectionError (node:net:1746:14)
        at afterConnectMultiple (node:net:1776:16) {
      errno: -4078,
      code: 'ECONNREFUSED',
      syscall: 'connect',
      address: '127.0.0.1',
      port: 6379
    }
  ]
}
Redis error: AggregateError [ECONNREFUSED]: 
    at internalConnectMultiple (node:net:1193:18)
    at afterConnectMultiple (node:net:1783:7) {
  code: 'ECONNREFUSED',
  [errors]: [
    Error: connect ECONNREFUSED ::1:6379
        at createConnectionError (node:net:1746:14)
        at afterConnectMultiple (node:net:1776:16) {
      errno: -4078,
      code: 'ECONNREFUSED',
      syscall: 'connect',
      address: '::1',
      port: 6379
    },
    Error: connect ECONNREFUSED 127.0.0.1:6379
        at createConnectionError (node:net:1746:14)
        at afterConnectMultiple (node:net:1776:16) {
      errno: -4078,
      code: 'ECONNREFUSED',
      syscall: 'connect',
      address: '127.0.0.1',
      port: 6379
    }
  ]
}
Redis error: AggregateError [ECONNREFUSED]: 
    at internalConnectMultiple (node:net:1193:18)
    at afterConnectMultiple (node:net:1783:7) {
  code: 'ECONNREFUSED',
  [errors]: [
    Error: connect ECONNREFUSED ::1:6379
        at createConnectionError (node:net:1746:14)
        at afterConnectMultiple (node:net:1776:16) {
      errno: -4078,
      code: 'ECONNREFUSED',
      syscall: 'connect',
      address: '::1',
      port: 6379
    },
    Error: connect ECONNREFUSED 127.0.0.1:6379
        at createConnectionError (node:net:1746:14)
        at afterConnectMultiple (node:net:1776:16) {
      errno: -4078,
      code: 'ECONNREFUSED',
      syscall: 'connect',
      address: '127.0.0.1',
      port: 6379
    }
  ]
}
Redis error: AggregateError [ECONNREFUSED]: 
    at internalConnectMultiple (node:net:1193:18)
    at afterConnectMultiple (node:net:1783:7) {
  code: 'ECONNREFUSED',
  [errors]: [
    Error: connect ECONNREFUSED ::1:6379
        at createConnectionError (node:net:1746:14)
        at afterConnectMultiple (node:net:1776:16) {
      errno: -4078,
      code: 'ECONNREFUSED',
      syscall: 'connect',
      address: '::1',
      port: 6379
    },
    Error: connect ECONNREFUSED 127.0.0.1:6379
        at createConnectionError (node:net:1746:14)
        at afterConnectMultiple (node:net:1776:16) {
      errno: -4078,
      code: 'ECONNREFUSED',
      syscall: 'connect',
      address: '127.0.0.1',
      port: 6379
    }
  ]
}
Redis unreachable, falling back to memory cache.
[OptionSuggestion] SBIN chain PCR: 0.7 (Bearish bias)
[OptionSuggestion] SBIN CE scored candidates: [
  {
    strike: 790,
    depth: 2,
    score: 66,
    breakdown: {
      oiScore: 30,
      pcrContextScore: 0,
      volumeScore: 20,
      spreadScore: 10,
      itmDepthScore: 6
    }
  },
  {
    strike: 800,
    depth: 1,
    score: 60,
    breakdown: {
      oiScore: 24,
      pcrContextScore: 0,
      volumeScore: 16,
      spreadScore: 10,
      itmDepthScore: 10
    }
  },
  {
    strike: 780,
    depth: 3,
    score: 33,
    breakdown: {
      oiScore: 18,
      pcrContextScore: 0,
      volumeScore: 12,
      spreadScore: 0,
      itmDepthScore: 3
    }
  }
]
[OptionSuggestion] SBIN chain PCR: 3 (Bullish bias)
[OptionSuggestion] SBIN CE scored candidates: [
  {
    strike: 790,
    depth: 2,
    score: 86,
    breakdown: {
      oiScore: 30,
      pcrContextScore: 20,
      volumeScore: 20,
      spreadScore: 10,
      itmDepthScore: 6
    }
  },
  {
    strike: 800,
    depth: 1,
    score: 80,
    breakdown: {
      oiScore: 24,
      pcrContextScore: 20,
      volumeScore: 16,
      spreadScore: 10,
      itmDepthScore: 10
    }
  },
  {
    strike: 780,
    depth: 3,
    score: 53,
    breakdown: {
      oiScore: 18,
      pcrContextScore: 20,
      volumeScore: 12,
      spreadScore: 0,
      itmDepthScore: 3
    }
  }
]
[OptionSuggestion] SBIN chain PCR: 0.3333 (Bearish bias)
[OptionSuggestion] SBIN PE scored candidates: [
  {
    strike: 810,
    depth: 2,
    score: 86,
    breakdown: {
      oiScore: 30,
      pcrContextScore: 20,
      volumeScore: 20,
      spreadScore: 10,
      itmDepthScore: 6
    }
  },
  {
    strike: 800,
    depth: 1,
    score: 80,
    breakdown: {
      oiScore: 24,
      pcrContextScore: 20,
      volumeScore: 16,
      spreadScore: 10,
      itmDepthScore: 10
    }
  },
  {
    strike: 820,
    depth: 3,
    score: 53,
    breakdown: {
      oiScore: 18,
      pcrContextScore: 20,
      volumeScore: 12,
      spreadScore: 0,
      itmDepthScore: 3
    }
  }
]
[OptionSuggestion] SBIN chain PCR: 0.3333 (Bearish bias)
[OptionSuggestion] SBIN CE scored candidates: [
  {
    strike: 790,
    depth: 2,
    score: 66,
    breakdown: {
      oiScore: 30,
      pcrContextScore: 0,
      volumeScore: 20,
      spreadScore: 10,
      itmDepthScore: 6
    }
  },
  {
    strike: 800,
    depth: 1,
    score: 60,
    breakdown: {
      oiScore: 24,
      pcrContextScore: 0,
      volumeScore: 16,
      spreadScore: 10,
      itmDepthScore: 10
    }
  },
  {
    strike: 780,
    depth: 3,
    score: 33,
    breakdown: {
      oiScore: 18,
      pcrContextScore: 0,
      volumeScore: 12,
      spreadScore: 0,
      itmDepthScore: 3
    }
  }
]
[OptionSuggestion] SBIN chain PCR: 0.6111 (Bearish bias)
[OptionSuggestion] SBIN CE scored candidates: [
  {
    strike: 790,
    depth: 1,
    score: 80,
    breakdown: {
      oiScore: 30,
      pcrContextScore: 0,
      volumeScore: 20,
      spreadScore: 20,
      itmDepthScore: 10
    }
  }
]
[OptionSuggestion] SBIN chain PCR: 0.6111 (Bearish bias)
[OptionSuggestion] SBIN CE scored candidates: [
  {
    strike: 790,
    depth: 1,
    score: 75,
    breakdown: {
      oiScore: 30,
      pcrContextScore: 0,
      volumeScore: 20,
      spreadScore: 15,
      itmDepthScore: 10
    }
  }
]
[OptionSuggestion] SBIN chain PCR: 0.6111 (Bearish bias)
[OptionSuggestion] SBIN CE scored candidates: [
  {
    strike: 790,
    depth: 1,
    score: 70,
    breakdown: {
      oiScore: 30,
      pcrContextScore: 0,
      volumeScore: 20,
      spreadScore: 10,
      itmDepthScore: 10
    }
  }
]
[OptionSuggestion] SBIN chain PCR: 0.6111 (Bearish bias)
[OptionSuggestion] SBIN CE scored candidates: [
  {
    strike: 790,
    depth: 1,
    score: 65,
    breakdown: {
      oiScore: 30,
      pcrContextScore: 0,
      volumeScore: 20,
      spreadScore: 5,
      itmDepthScore: 10
    }
  }
]
[OptionSuggestion] SBIN chain PCR: 0.6111 (Bearish bias)
[OptionSuggestion] SBIN CE scored candidates: [
  {
    strike: 790,
    depth: 1,
    score: 60,
    breakdown: {
      oiScore: 30,
      pcrContextScore: 0,
      volumeScore: 20,
      spreadScore: 0,
      itmDepthScore: 10
    }
  }
]
[OptionSuggestion] SBIN chain PCR: 1.4 (Bullish bias)
[OptionSuggestion] SBIN CE scored candidates: [
  {
    strike: 790,
    depth: 2,
    score: 86,
    breakdown: {
      oiScore: 30,
      pcrContextScore: 20,
      volumeScore: 20,
      spreadScore: 10,
      itmDepthScore: 6
    }
  },
  {
    strike: 800,
    depth: 1,
    score: 80,
    breakdown: {
      oiScore: 24,
      pcrContextScore: 20,
      volumeScore: 16,
      spreadScore: 10,
      itmDepthScore: 10
    }
  },
  {
    strike: 780,
    depth: 3,
    score: 53,
    breakdown: {
      oiScore: 18,
      pcrContextScore: 20,
      volumeScore: 12,
      spreadScore: 0,
      itmDepthScore: 3
    }
  }
]
[OptionSuggestion] SBIN chain PCR: 1.1579 (Neutral)
[OptionSuggestion] SBIN CE scored candidates: [
  {
    strike: 780,
    depth: 1,
    score: 80,
    breakdown: {
      oiScore: 30,
      pcrContextScore: 10,
      volumeScore: 20,
      spreadScore: 10,
      itmDepthScore: 10
    }
  },
  {
    strike: 770,
    depth: 2,
    score: 61,
    breakdown: {
      oiScore: 18,
      pcrContextScore: 10,
      volumeScore: 12,
      spreadScore: 15,
      itmDepthScore: 6
    }
  },
  {
    strike: 760,
    depth: 3,
    score: 38,
    breakdown: {
      oiScore: 9,
      pcrContextScore: 10,
      volumeScore: 6,
      spreadScore: 10,
      itmDepthScore: 3
    }
  }
]
[OptionSuggestion] SBIN chain PCR: 0.4975 (Bearish bias)
[OptionSuggestion] SBIN CE scored candidates: [
  {
    strike: 790,
    depth: 2,
    score: 76,
    breakdown: {
      oiScore: 30,
      pcrContextScore: 0,
      volumeScore: 20,
      spreadScore: 20,
      itmDepthScore: 6
    }
  },
  {
    strike: 800,
    depth: 1,
    score: 39,
    breakdown: {
      oiScore: 15,
      pcrContextScore: 0,
      volumeScore: 4,
      spreadScore: 10,
      itmDepthScore: 10
    }
  },
  {
    strike: 780,
    depth: 3,
    score: 3,
    breakdown: {
      oiScore: 0,
      pcrContextScore: 0,
      volumeScore: 0,
      spreadScore: 0,
      itmDepthScore: 3
    }
  }
]
Γû╢ Option Suggestion Service ΓÇö Honest Error Paths (no fabricated data)
  Γ£ö TOKEN_EXPIRED: missing token returns error, no optionsChain, no fake data (1.7592ms)
  Γ£ö EMPTY_CHAIN: Fyers returns no data ΓÇö explicit error, no fake fallback (0.4149ms)
  Γ£ö FETCH_FAILED: propagates error honestly, no fabricated data (0.278ms)
  Γ£ö Math.random never called during any error path (0.9742ms)
Γ£ö Option Suggestion Service ΓÇö Honest Error Paths (no fabricated data) (5.3431ms)
Γû╢ Option Suggestion ΓÇö OI Score scales relative to max OI among candidates
  Γ£ö highest OI candidate gets oiScore=30 (3.8497ms)
Γ£ö Option Suggestion ΓÇö OI Score scales relative to max OI among candidates (4.3455ms)
Γû╢ Option Suggestion ΓÇö PCR Context Score
  Γ£ö CE trade + PCR > 1.2 ΓåÆ pcrContextScore = 20 (4.9049ms)
  Γ£ö PE trade + PCR < 0.8 ΓåÆ pcrContextScore = 20 (1.9507ms)
  Γ£ö CE trade + PCR < 0.8 ΓåÆ pcrContextScore = 0 (contradicts direction) (1.1561ms)
Γ£ö Option Suggestion ΓÇö PCR Context Score (9.3605ms)
Γû╢ Option Suggestion ΓÇö Spread Score tiers
  Γ£ö <=1% spread -> 20 pts (0.9318ms)
  Γ£ö <=2% spread -> 15 pts (0.4205ms)
  Γ£ö <=4% spread -> 10 pts (0.3731ms)
  Γ£ö <=8% spread -> 5 pts (0.2938ms)
  Γ£ö >8% spread -> 0 pts (0.3152ms)
Γ£ö Option Suggestion ΓÇö Spread Score tiers (3.1215ms)
Γû╢ Option Suggestion ΓÇö ITM Depth Score: 1st ITM preferred
  Γ£ö 1st ITM selected when all other scores equal ΓåÆ itmDepthScore=10 (1.5373ms)
Γ£ö Option Suggestion ΓÇö ITM Depth Score: 1st ITM preferred (2.1701ms)
Γû╢ Option Suggestion ΓÇö Expensive high-scoring strike wins (no budget gate)
  Γ£ö Rs300 ltp (very expensive) but perfect OI/vol/spread beats Rs5 ltp cheap strike (0.8175ms)
Γ£ö Option Suggestion ΓÇö Expensive high-scoring strike wins (no budget gate) (1.2795ms)
Redis error: AggregateError [ECONNREFUSED]: 
    at internalConnectMultiple (node:net:1193:18)
    at afterConnectMultiple (node:net:1783:7) {
  code: 'ECONNREFUSED',
  [errors]: [
    Error: connect ECONNREFUSED ::1:6379
        at createConnectionError (node:net:1746:14)
        at afterConnectMultiple (node:net:1776:16) {
      errno: -4078,
      code: 'ECONNREFUSED',
      syscall: 'connect',
      address: '::1',
      port: 6379
    },
    Error: connect ECONNREFUSED 127.0.0.1:6379
        at createConnectionError (node:net:1746:14)
        at afterConnectMultiple (node:net:1776:16) {
      errno: -4078,
      code: 'ECONNREFUSED',
      syscall: 'connect',
      address: '127.0.0.1',
      port: 6379
    }
  ]
}
Redis error: AggregateError [ECONNREFUSED]: 
    at internalConnectMultiple (node:net:1193:18)
    at afterConnectMultiple (node:net:1783:7) {
  code: 'ECONNREFUSED',
  [errors]: [
    Error: connect ECONNREFUSED ::1:6379
        at createConnectionError (node:net:1746:14)
        at afterConnectMultiple (node:net:1776:16) {
      errno: -4078,
      code: 'ECONNREFUSED',
      syscall: 'connect',
      address: '::1',
      port: 6379
    },
    Error: connect ECONNREFUSED 127.0.0.1:6379
        at createConnectionError (node:net:1746:14)
        at afterConnectMultiple (node:net:1776:16) {
      errno: -4078,
      code: 'ECONNREFUSED',
      syscall: 'connect',
      address: '127.0.0.1',
      port: 6379
    }
  ]
}
Redis error: AggregateError [ECONNREFUSED]: 
    at internalConnectMultiple (node:net:1193:18)
    at afterConnectMultiple (node:net:1783:7) {
  code: 'ECONNREFUSED',
  [errors]: [
    Error: connect ECONNREFUSED ::1:6379
        at createConnectionError (node:net:1746:14)
        at afterConnectMultiple (node:net:1776:16) {
      errno: -4078,
      code: 'ECONNREFUSED',
      syscall: 'connect',
      address: '::1',
      port: 6379
    },
    Error: connect ECONNREFUSED 127.0.0.1:6379
        at createConnectionError (node:net:1746:14)
        at afterConnectMultiple (node:net:1776:16) {
      errno: -4078,
      code: 'ECONNREFUSED',
      syscall: 'connect',
      address: '127.0.0.1',
      port: 6379
    }
  ]
}
Redis error: AggregateError [ECONNREFUSED]: 
    at internalConnectMultiple (node:net:1193:18)
    at afterConnectMultiple (node:net:1783:7) {
  code: 'ECONNREFUSED',
  [errors]: [
    Error: connect ECONNREFUSED ::1:6379
        at createConnectionError (node:net:1746:14)
        at afterConnectMultiple (node:net:1776:16) {
      errno: -4078,
      code: 'ECONNREFUSED',
      syscall: 'connect',
      address: '::1',
      port: 6379
    },
    Error: connect ECONNREFUSED 127.0.0.1:6379
        at createConnectionError (node:net:1746:14)
        at afterConnectMultiple (node:net:1776:16) {
      errno: -4078,
      code: 'ECONNREFUSED',
      syscall: 'connect',
      address: '127.0.0.1',
      port: 6379
    }
  ]
}
Redis unreachable, falling back to memory cache.
[RegimeService] NIFTY 50 Regime for 2026-07-07: BULL / HIGH (ATR%: 2.49%)
Γû╢ Overnight Engine Tests
  Γ£ö LONG setup (BTST Scoring Logic) (1.1166ms)
  Γ£ö SHORT setup (STBT Scoring Logic) (0.2233ms)
  Γ£ö STBT Rule 4 scores 0 when close < vwap but close > todayBc (0.1552ms)
  Γ£ö STBT Rule 6 strictly requires closingWeakness < 0.30 (boundary test) (0.1839ms)
  Γ£ö GapProbabilityService with short history caps gapConfidence <= 50 (0.3113ms)
  Γ£ö indexCorrelationEstimate is null ΓÇö not derived from symbol string (0.3923ms)
Redis error: AggregateError [ECONNREFUSED]: 
    at internalConnectMultiple (node:net:1193:18)
    at afterConnectMultiple (node:net:1783:7) {
  code: 'ECONNREFUSED',
  [errors]: [
    Error: connect ECONNREFUSED ::1:6379
        at createConnectionError (node:net:1746:14)
        at afterConnectMultiple (node:net:1776:16) {
      errno: -4078,
      code: 'ECONNREFUSED',
      syscall: 'connect',
      address: '::1',
      port: 6379
    },
    Error: connect ECONNREFUSED 127.0.0.1:6379
        at createConnectionError (node:net:1746:14)
        at afterConnectMultiple (node:net:1776:16) {
      errno: -4078,
      code: 'ECONNREFUSED',
      syscall: 'connect',
      address: '127.0.0.1',
      port: 6379
    }
  ]
}
Redis error: AggregateError [ECONNREFUSED]: 
    at internalConnectMultiple (node:net:1193:18)
    at afterConnectMultiple (node:net:1783:7) {
  code: 'ECONNREFUSED',
  [errors]: [
    Error: connect ECONNREFUSED ::1:6379
        at createConnectionError (node:net:1746:14)
        at afterConnectMultiple (node:net:1776:16) {
      errno: -4078,
      code: 'ECONNREFUSED',
      syscall: 'connect',
      address: '::1',
      port: 6379
    },
    Error: connect ECONNREFUSED 127.0.0.1:6379
        at createConnectionError (node:net:1746:14)
        at afterConnectMultiple (node:net:1776:16) {
      errno: -4078,
      code: 'ECONNREFUSED',
      syscall: 'connect',
      address: '127.0.0.1',
      port: 6379
    }
  ]
}
Redis error: AggregateError [ECONNREFUSED]: 
    at internalConnectMultiple (node:net:1193:18)
    at afterConnectMultiple (node:net:1783:7) {
  code: 'ECONNREFUSED',
  [errors]: [
    Error: connect ECONNREFUSED ::1:6379
        at createConnectionError (node:net:1746:14)
        at afterConnectMultiple (node:net:1776:16) {
      errno: -4078,
      code: 'ECONNREFUSED',
      syscall: 'connect',
      address: '::1',
      port: 6379
    },
    Error: connect ECONNREFUSED 127.0.0.1:6379
        at createConnectionError (node:net:1746:14)
        at afterConnectMultiple (node:net:1776:16) {
      errno: -4078,
      code: 'ECONNREFUSED',
      syscall: 'connect',
      address: '127.0.0.1',
      port: 6379
    }
  ]
}
Redis error: AggregateError [ECONNREFUSED]: 
    at internalConnectMultiple (node:net:1193:18)
    at afterConnectMultiple (node:net:1783:7) {
  code: 'ECONNREFUSED',
  [errors]: [
    Error: connect ECONNREFUSED ::1:6379
        at createConnectionError (node:net:1746:14)
        at afterConnectMultiple (node:net:1776:16) {
      errno: -4078,
      code: 'ECONNREFUSED',
      syscall: 'connect',
      address: '::1',
      port: 6379
    },
    Error: connect ECONNREFUSED 127.0.0.1:6379
        at createConnectionError (node:net:1746:14)
        at afterConnectMultiple (node:net:1776:16) {
      errno: -4078,
      code: 'ECONNREFUSED',
      syscall: 'connect',
      address: '127.0.0.1',
      port: 6379
    }
  ]
}
Redis unreachable, falling back to memory cache.
[EventCalendarService] Error bulk fetching events: PrismaClientInitializationError: 
Invalid `prisma.marketEvent.findMany()` invocation in
C:\Users\hiren\.gemini\antigravity\scratch\cpr-calculator-platform\src\services\overnight\event.service.ts:136:47

  133 const todayStr = signalDate;
  134 const futureStr = threeDaysFromNow.toISOString().split('T')[0];
  135 
ΓåÆ 136 const events = await prisma.marketEvent.findMany(
Can't reach database server at `localhost:5432`

Please make sure your database server is running at `localhost:5432`.
    at ei.handleRequestError (C:\Users\hiren\.gemini\antigravity\scratch\cpr-calculator-platform\node_modules\@prisma\client\src\runtime\RequestHandler.ts:242:13)
    at ei.handleAndLogRequestError (C:\Users\hiren\.gemini\antigravity\scratch\cpr-calculator-platform\node_modules\@prisma\client\src\runtime\RequestHandler.ts:174:12)
    at ei.request (C:\Users\hiren\.gemini\antigravity\scratch\cpr-calculator-platform\node_modules\@prisma\client\src\runtime\RequestHandler.ts:143:12)
    at async a (C:\Users\hiren\.gemini\antigravity\scratch\cpr-calculator-platform\node_modules\@prisma\client\src\runtime\getPrismaClient.ts:833:24)
    at async EventCalendarService.getBulkEventRisk (C:\Users\hiren\.gemini\antigravity\scratch\cpr-calculator-platform\src\services\overnight\event.service.ts:136:22)
    at async OvernightService.discover (C:\Users\hiren\.gemini\antigravity\scratch\cpr-calculator-platform\src\services\overnight\overnight.service.ts:307:28)
    at async TestContext.<anonymous> (C:\Users\hiren\.gemini\antigravity\scratch\cpr-calculator-platform\src\tests\overnight.test.ts:178:7)
    at async Test.run (node:internal/test_runner/test:1208:7)
    at async Suite.processPendingSubtests (node:internal/test_runner/test:831:7) {
  clientVersion: '6.19.3',
  errorCode: undefined,
  retryable: undefined
}
[EventCalendarService] Error fetching events for MACRO: PrismaClientInitializationError: 
Invalid `prisma.marketEvent.findMany()` invocation in
C:\Users\hiren\.gemini\antigravity\scratch\cpr-calculator-platform\src\services\overnight\event.service.ts:23:47

  20 const todayStr = signalDate;
  21 const futureStr = threeDaysFromNow.toISOString().split('T')[0];
  22 
ΓåÆ 23 const events = await prisma.marketEvent.findMany(
Can't reach database server at `localhost:5432`

Please make sure your database server is running at `localhost:5432`.
    at ei.handleRequestError (C:\Users\hiren\.gemini\antigravity\scratch\cpr-calculator-platform\node_modules\@prisma\client\src\runtime\RequestHandler.ts:242:13)
    at ei.handleAndLogRequestError (C:\Users\hiren\.gemini\antigravity\scratch\cpr-calculator-platform\node_modules\@prisma\client\src\runtime\RequestHandler.ts:174:12)
    at ei.request (C:\Users\hiren\.gemini\antigravity\scratch\cpr-calculator-platform\node_modules\@prisma\client\src\runtime\RequestHandler.ts:143:12)
    at async a (C:\Users\hiren\.gemini\antigravity\scratch\cpr-calculator-platform\node_modules\@prisma\client\src\runtime\getPrismaClient.ts:833:24)
    at async EventCalendarService.getEventRisk (C:\Users\hiren\.gemini\antigravity\scratch\cpr-calculator-platform\src\services\overnight\event.service.ts:23:22)
    at async OvernightService.discover (C:\Users\hiren\.gemini\antigravity\scratch\cpr-calculator-platform\src\services\overnight\overnight.service.ts:308:28)
    at async TestContext.<anonymous> (C:\Users\hiren\.gemini\antigravity\scratch\cpr-calculator-platform\src\tests\overnight.test.ts:178:7)
    at async Test.run (node:internal/test_runner/test:1208:7)
    at async Suite.processPendingSubtests (node:internal/test_runner/test:831:7) {
  clientVersion: '6.19.3',
  errorCode: undefined,
  retryable: undefined
}
[OvernightScan] MOCKSTOCK flagged as LOW_QUALITY (Liquidity: 70, Regime: 100).
[RegimeService] NIFTY 50 Regime for 2026-07-08: BULL / HIGH (ATR%: 2.49%)
  Γ£ö OvernightService.discover() calculates todayCpr and tomorrowCpr with yesterday vs today candles correctly (8191.1528ms)
  Γ£ö getIntradayData handles undefined quote values safely without returning NaN (1.5423ms)
[EventCalendarService] Error bulk fetching events: PrismaClientInitializationError: 
Invalid `prisma.marketEvent.findMany()` invocation in
C:\Users\hiren\.gemini\antigravity\scratch\cpr-calculator-platform\src\services\overnight\event.service.ts:136:47

  133 const todayStr = signalDate;
  134 const futureStr = threeDaysFromNow.toISOString().split('T')[0];
  135 
ΓåÆ 136 const events = await prisma.marketEvent.findMany(
Can't reach database server at `localhost:5432`

Please make sure your database server is running at `localhost:5432`.
    at ei.handleRequestError (C:\Users\hiren\.gemini\antigravity\scratch\cpr-calculator-platform\node_modules\@prisma\client\src\runtime\RequestHandler.ts:242:13)
    at ei.handleAndLogRequestError (C:\Users\hiren\.gemini\antigravity\scratch\cpr-calculator-platform\node_modules\@prisma\client\src\runtime\RequestHandler.ts:174:12)
    at ei.request (C:\Users\hiren\.gemini\antigravity\scratch\cpr-calculator-platform\node_modules\@prisma\client\src\runtime\RequestHandler.ts:143:12)
    at async a (C:\Users\hiren\.gemini\antigravity\scratch\cpr-calculator-platform\node_modules\@prisma\client\src\runtime\getPrismaClient.ts:833:24)
    at async EventCalendarService.getBulkEventRisk (C:\Users\hiren\.gemini\antigravity\scratch\cpr-calculator-platform\src\services\overnight\event.service.ts:136:22)
    at async OvernightService.discover (C:\Users\hiren\.gemini\antigravity\scratch\cpr-calculator-platform\src\services\overnight\overnight.service.ts:307:28)
    at async TestContext.<anonymous> (C:\Users\hiren\.gemini\antigravity\scratch\cpr-calculator-platform\src\tests\overnight.test.ts:290:7)
    at async Test.run (node:internal/test_runner/test:1208:7)
    at async Suite.processPendingSubtests (node:internal/test_runner/test:831:7) {
  clientVersion: '6.19.3',
  errorCode: undefined,
  retryable: undefined
}
[EventCalendarService] Error fetching events for MACRO: PrismaClientInitializationError: 
Invalid `prisma.marketEvent.findMany()` invocation in
C:\Users\hiren\.gemini\antigravity\scratch\cpr-calculator-platform\src\services\overnight\event.service.ts:23:47

  20 const todayStr = signalDate;
  21 const futureStr = threeDaysFromNow.toISOString().split('T')[0];
  22 
ΓåÆ 23 const events = await prisma.marketEvent.findMany(
Can't reach database server at `localhost:5432`

Please make sure your database server is running at `localhost:5432`.
    at ei.handleRequestError (C:\Users\hiren\.gemini\antigravity\scratch\cpr-calculator-platform\node_modules\@prisma\client\src\runtime\RequestHandler.ts:242:13)
    at ei.handleAndLogRequestError (C:\Users\hiren\.gemini\antigravity\scratch\cpr-calculator-platform\node_modules\@prisma\client\src\runtime\RequestHandler.ts:174:12)
    at ei.request (C:\Users\hiren\.gemini\antigravity\scratch\cpr-calculator-platform\node_modules\@prisma\client\src\runtime\RequestHandler.ts:143:12)
    at async a (C:\Users\hiren\.gemini\antigravity\scratch\cpr-calculator-platform\node_modules\@prisma\client\src\runtime\getPrismaClient.ts:833:24)
    at async EventCalendarService.getEventRisk (C:\Users\hiren\.gemini\antigravity\scratch\cpr-calculator-platform\src\services\overnight\event.service.ts:23:22)
    at async OvernightService.discover (C:\Users\hiren\.gemini\antigravity\scratch\cpr-calculator-platform\src\services\overnight\overnight.service.ts:308:28)
    at async TestContext.<anonymous> (C:\Users\hiren\.gemini\antigravity\scratch\cpr-calculator-platform\src\tests\overnight.test.ts:290:7)
    at async Test.run (node:internal/test_runner/test:1208:7)
    at async Suite.processPendingSubtests (node:internal/test_runner/test:831:7) {
  clientVersion: '6.19.3',
  errorCode: undefined,
  retryable: undefined
}
[OvernightScan] EMPTYHIST skipped: Empty market history (cannot establish distinct prior day candle).
[OvernightScan] ONETODAY skipped: Insufficient history length 1 for today-appended database state (requires at least 2 distinct daily candles).
[OvernightScan] ONENOTTODAY skipped: Insufficient history length 1 < MIN_HISTORY_FOR_RELIABLE_ATR (15).
[RegimeService] NIFTY 50 Regime for 2026-08-01: BULL / HIGH (ATR%: 2.49%)
  Γ£ö discover() skips stocks with empty history / insufficient history based on candle roles (8120.1158ms)
  Γ£ö calculateOvernightRisk handles zero close price and near-zero close price safely (0.8452ms)
  Γ£ö determineState holiday freeze boundary transitions (1.1282ms)
  Γ£ö getIntradayData validates array lengths for high, low, close, volume (0.5584ms)
[EventCalendarService] Error bulk fetching events: PrismaClientInitializationError: 
Invalid `prisma.marketEvent.findMany()` invocation in
C:\Users\hiren\.gemini\antigravity\scratch\cpr-calculator-platform\src\services\overnight\event.service.ts:136:47

  133 const todayStr = signalDate;
  134 const futureStr = threeDaysFromNow.toISOString().split('T')[0];
  135 
ΓåÆ 136 const events = await prisma.marketEvent.findMany(
Can't reach database server at `localhost:5432`

Please make sure your database server is running at `localhost:5432`.
    at ei.handleRequestError (C:\Users\hiren\.gemini\antigravity\scratch\cpr-calculator-platform\node_modules\@prisma\client\src\runtime\RequestHandler.ts:242:13)
    at ei.handleAndLogRequestError (C:\Users\hiren\.gemini\antigravity\scratch\cpr-calculator-platform\node_modules\@prisma\client\src\runtime\RequestHandler.ts:174:12)
    at ei.request (C:\Users\hiren\.gemini\antigravity\scratch\cpr-calculator-platform\node_modules\@prisma\client\src\runtime\RequestHandler.ts:143:12)
    at async a (C:\Users\hiren\.gemini\antigravity\scratch\cpr-calculator-platform\node_modules\@prisma\client\src\runtime\getPrismaClient.ts:833:24)
    at async EventCalendarService.getBulkEventRisk (C:\Users\hiren\.gemini\antigravity\scratch\cpr-calculator-platform\src\services\overnight\event.service.ts:136:22)
    at async OvernightService.discover (C:\Users\hiren\.gemini\antigravity\scratch\cpr-calculator-platform\src\services\overnight\overnight.service.ts:307:28)
    at async TestContext.<anonymous> (C:\Users\hiren\.gemini\antigravity\scratch\cpr-calculator-platform\src\tests\overnight.test.ts:406:7)
    at async Test.run (node:internal/test_runner/test:1208:7)
    at async Suite.processPendingSubtests (node:internal/test_runner/test:831:7) {
  clientVersion: '6.19.3',
  errorCode: undefined,
  retryable: undefined
}
[EventCalendarService] Error fetching events for MACRO: PrismaClientInitializationError: 
Invalid `prisma.marketEvent.findMany()` invocation in
C:\Users\hiren\.gemini\antigravity\scratch\cpr-calculator-platform\src\services\overnight\event.service.ts:23:47

  20 const todayStr = signalDate;
  21 const futureStr = threeDaysFromNow.toISOString().split('T')[0];
  22 
ΓåÆ 23 const events = await prisma.marketEvent.findMany(
Can't reach database server at `localhost:5432`

Please make sure your database server is running at `localhost:5432`.
    at ei.handleRequestError (C:\Users\hiren\.gemini\antigravity\scratch\cpr-calculator-platform\node_modules\@prisma\client\src\runtime\RequestHandler.ts:242:13)
    at ei.handleAndLogRequestError (C:\Users\hiren\.gemini\antigravity\scratch\cpr-calculator-platform\node_modules\@prisma\client\src\runtime\RequestHandler.ts:174:12)
    at ei.request (C:\Users\hiren\.gemini\antigravity\scratch\cpr-calculator-platform\node_modules\@prisma\client\src\runtime\RequestHandler.ts:143:12)
    at async a (C:\Users\hiren\.gemini\antigravity\scratch\cpr-calculator-platform\node_modules\@prisma\client\src\runtime\getPrismaClient.ts:833:24)
    at async EventCalendarService.getEventRisk (C:\Users\hiren\.gemini\antigravity\scratch\cpr-calculator-platform\src\services\overnight\event.service.ts:23:22)
    at async OvernightService.discover (C:\Users\hiren\.gemini\antigravity\scratch\cpr-calculator-platform\src\services\overnight\overnight.service.ts:308:28)
    at async TestContext.<anonymous> (C:\Users\hiren\.gemini\antigravity\scratch\cpr-calculator-platform\src\tests\overnight.test.ts:406:7)
    at async Test.run (node:internal/test_runner/test:1208:7)
    at async Suite.processPendingSubtests (node:internal/test_runner/test:831:7) {
  clientVersion: '6.19.3',
  errorCode: undefined,
  retryable: undefined
}
[OvernightScan] STOCK14 skipped: Insufficient history length 14 < MIN_HISTORY_FOR_RELIABLE_ATR (15).
[OvernightScan] STOCK15 flagged as LOW_QUALITY (Liquidity: 70, Regime: 100).
  Γ£ö discover() skips stocks with < 15 daily candles (MIN_HISTORY_FOR_RELIABLE_ATR) (8123.0622ms)
[EventCalendarService] Error bulk fetching events: PrismaClientInitializationError: 
Invalid `prisma.marketEvent.findMany()` invocation in
C:\Users\hiren\.gemini\antigravity\scratch\cpr-calculator-platform\src\services\overnight\event.service.ts:136:47

  133 const todayStr = signalDate;
  134 const futureStr = threeDaysFromNow.toISOString().split('T')[0];
  135 
ΓåÆ 136 const events = await prisma.marketEvent.findMany(
Can't reach database server at `localhost:5432`

Please make sure your database server is running at `localhost:5432`.
    at ei.handleRequestError (C:\Users\hiren\.gemini\antigravity\scratch\cpr-calculator-platform\node_modules\@prisma\client\src\runtime\RequestHandler.ts:242:13)
    at ei.handleAndLogRequestError (C:\Users\hiren\.gemini\antigravity\scratch\cpr-calculator-platform\node_modules\@prisma\client\src\runtime\RequestHandler.ts:174:12)
    at ei.request (C:\Users\hiren\.gemini\antigravity\scratch\cpr-calculator-platform\node_modules\@prisma\client\src\runtime\RequestHandler.ts:143:12)
    at async a (C:\Users\hiren\.gemini\antigravity\scratch\cpr-calculator-platform\node_modules\@prisma\client\src\runtime\getPrismaClient.ts:833:24)
    at async EventCalendarService.getBulkEventRisk (C:\Users\hiren\.gemini\antigravity\scratch\cpr-calculator-platform\src\services\overnight\event.service.ts:136:22)
    at async OvernightService.discover (C:\Users\hiren\.gemini\antigravity\scratch\cpr-calculator-platform\src\services\overnight\overnight.service.ts:307:28)
    at async TestContext.<anonymous> (C:\Users\hiren\.gemini\antigravity\scratch\cpr-calculator-platform\src\tests\overnight.test.ts:444:7)
    at async Test.run (node:internal/test_runner/test:1208:7)
    at async Suite.processPendingSubtests (node:internal/test_runner/test:831:7) {
  clientVersion: '6.19.3',
  errorCode: undefined,
  retryable: undefined
}
[EventCalendarService] Error fetching events for MACRO: PrismaClientInitializationError: 
Invalid `prisma.marketEvent.findMany()` invocation in
C:\Users\hiren\.gemini\antigravity\scratch\cpr-calculator-platform\src\services\overnight\event.service.ts:23:47

  20 const todayStr = signalDate;
  21 const futureStr = threeDaysFromNow.toISOString().split('T')[0];
  22 
ΓåÆ 23 const events = await prisma.marketEvent.findMany(
Can't reach database server at `localhost:5432`

Please make sure your database server is running at `localhost:5432`.
    at ei.handleRequestError (C:\Users\hiren\.gemini\antigravity\scratch\cpr-calculator-platform\node_modules\@prisma\client\src\runtime\RequestHandler.ts:242:13)
    at ei.handleAndLogRequestError (C:\Users\hiren\.gemini\antigravity\scratch\cpr-calculator-platform\node_modules\@prisma\client\src\runtime\RequestHandler.ts:174:12)
    at ei.request (C:\Users\hiren\.gemini\antigravity\scratch\cpr-calculator-platform\node_modules\@prisma\client\src\runtime\RequestHandler.ts:143:12)
    at async a (C:\Users\hiren\.gemini\antigravity\scratch\cpr-calculator-platform\node_modules\@prisma\client\src\runtime\getPrismaClient.ts:833:24)
    at async EventCalendarService.getEventRisk (C:\Users\hiren\.gemini\antigravity\scratch\cpr-calculator-platform\src\services\overnight\event.service.ts:23:22)
    at async OvernightService.discover (C:\Users\hiren\.gemini\antigravity\scratch\cpr-calculator-platform\src\services\overnight\overnight.service.ts:308:28)
    at async TestContext.<anonymous> (C:\Users\hiren\.gemini\antigravity\scratch\cpr-calculator-platform\src\tests\overnight.test.ts:444:7)
    at async Test.run (node:internal/test_runner/test:1208:7)
    at async Suite.processPendingSubtests (node:internal/test_runner/test:831:7) {
  clientVersion: '6.19.3',
  errorCode: undefined,
  retryable: undefined
}
[OvernightScan] DIFF9 skipped: NEUTRAL_CONFLICT. LongScore=80, ShortScore=71, Diff=9, Time=2026-08-01 15:20
[OvernightScan] DIFF10 flagged as LOW_QUALITY (Liquidity: 70, Regime: 100).
[OvernightScan] DIFF11 flagged as LOW_QUALITY (Liquidity: 70, Regime: 100).
  Γ£ö discover() handles NEUTRAL_CONFLICT boundary (diff 9, 10, 11) and skips persistence (8110.8113ms)
  Γ£ö SignalQualityService evaluates and buckets correctly (0.5227ms)
  Γ£ö discover() integrates quality without breaking backward compatibility if regime data is missing (3.1405ms)
Γ£ö Overnight Engine Tests (32557.3707ms)
Γû╢ Redis Cache Client Tests
  Γ£ö Initial state or ready state check (1.0746ms)
Γ£ö Redis Cache Client Tests (2.5969ms)
Γû╢ Scanner Service Signals Evaluation
  Γ£ö evaluates NORMAL and BULLISH signals correctly (34.2991ms)
  Γ£ö evaluates BREAKDOWN signal correctly on high-volume move below bc (0.7857ms)
  Γ£ö detects GAPS and VIRGIN CPR correctly (0.8317ms)
Γ£ö Scanner Service Signals Evaluation (37.4409ms)
Γû╢ Scanner Service V2 Entry, Target, Stop Loss, and Risk-Reward (RR)
  Γ£ö calculates correct trade setups for BULLISH bias (0.548ms)
  Γ£ö calculates correct trade setups for BEARISH bias (0.4793ms)
Γ£ö Scanner Service V2 Entry, Target, Stop Loss, and Risk-Reward (RR) (1.6064ms)
Γû╢ Ranking Service V2 Scoring & Classifications
  Γ£ö assigns correct classification labels based on score ranges (0.3338ms)
  Γ£ö calculates correct score sum and caps at 100 (0.3814ms)
Γ£ö Ranking Service V2 Scoring & Classifications (1.3864ms)
Γû╢ KGS CPR Theory Signal and Scoring Tests
  Γ£ö KGS_ASC_CPR fires when 3 consecutive rising TC days (0.7642ms)
  Γ£ö KGS_DESC_CPR fires when 3 consecutive falling TC days (0.5836ms)
  Γ£ö KGS_INSIDE_CPR fires when today fully inside yesterday (0.7031ms)
  Γ£ö KGS_OUTSIDE_CPR fires when today fully contains yesterday (0.6458ms)
  Γ£ö KGS_RTP fires when SMA20/SMA50 slopes match sign (0.7418ms)
  Γ£ö Existing INSIDE_VALUE logic remains functional and unaffected (0.4525ms)
Γ£ö KGS CPR Theory Signal and Scoring Tests (5.5071ms)
Γû╢ SMA Slope ΓÇö non-overlapping windows produce meaningful slope
  Γ£ö rising price series produces sma20Slope > 10 with 40 closes (0.8549ms)
  Γ£ö falling price series produces negative sma20Slope (0.6747ms)
  Γ£ö insufficient history (< 40 bars) returns sma20Slope = 0 (0.2248ms)
  Γ£ö flat price series produces sma20Slope = 0 (0.1988ms)
Γ£ö SMA Slope ΓÇö non-overlapping windows produce meaningful slope (3.1419ms)
Γû╢ ScannerService/SignalService ΓÇö asOfDate Inject and Forwarding
  Γ£ö scanStock(stock, "2026-06-03") forwards asOfDate, triggers SignalService-only GAP_UP signal (0.5791ms)
  Γ£ö scanStock(stock, "2026-06-02") does not trigger GAP_UP (0.3987ms)
  Γ£ö scanStock(stock) with no asOfDate defaults to real system date (no GAP_UP) (0.3668ms)
Γ£ö ScannerService/SignalService ΓÇö asOfDate Inject and Forwarding (1.7961ms)
Γ£ö ScannerService degenerate single-candle history (1.6213ms)
Γû╢ TelegramService
  Γ£û decrypts telegramToken before sending breakout alert (8184.8946ms)
Γ£û TelegramService (8189.6337ms)
Γû╢ Quantitative Trading Logic Fixes
  Γ£ö Short return calculation math in computeMetricsFromTrades (2.043ms)
  Γ£ö calculateCPR classification and trend consistency with ATR% (0.496ms)
Γ£ö Quantitative Trading Logic Fixes (3.95ms)
Γä╣ tests 139
Γä╣ suites 7
Γä╣ pass 135
Γä╣ fail 4
Γä╣ cancelled 0
Γä╣ skipped 0
Γä╣ todo 0
Γä╣ duration_ms 34509.6712

Γ£û failing tests:

test at src\tests\journal.test.ts:2:1058
Γ£û Classifies EXECUTION_SLIPPAGE correctly (4149.65ms)
  PrismaClientInitializationError: 
  Invalid `prisma.tradeJournal.create()` invocation in
  C:\Users\hiren\.gemini\antigravity\scratch\cpr-calculator-platform\src\tests\journal.test.ts:10:31
  
     7 await t.test('Classifies EXECUTION_SLIPPAGE correctly', async () => {
     8   // 1. Setup mock trade in DB
     9   const mockId = 'test-trade-1';
  ΓåÆ 10   await prisma.tradeJournal.create(
  Can't reach database server at `localhost:5432`
  
  Please make sure your database server is running at `localhost:5432`.
      at ei.handleRequestError (C:\Users\hiren\.gemini\antigravity\scratch\cpr-calculator-platform\node_modules\@prisma\client\src\runtime\RequestHandler.ts:242:13)
      at ei.handleAndLogRequestError (C:\Users\hiren\.gemini\antigravity\scratch\cpr-calculator-platform\node_modules\@prisma\client\src\runtime\RequestHandler.ts:174:12)
      at ei.request (C:\Users\hiren\.gemini\antigravity\scratch\cpr-calculator-platform\node_modules\@prisma\client\src\runtime\RequestHandler.ts:143:12)
      at async a (C:\Users\hiren\.gemini\antigravity\scratch\cpr-calculator-platform\node_modules\@prisma\client\src\runtime\getPrismaClient.ts:833:24)
      at async TestContext.<anonymous> (C:\Users\hiren\.gemini\antigravity\scratch\cpr-calculator-platform\src\tests\journal.test.ts:10:5)
      at async Test.run (node:internal/test_runner/test:1208:7)
      at async TestContext.<anonymous> (C:\Users\hiren\.gemini\antigravity\scratch\cpr-calculator-platform\src\tests\journal.test.ts:7:3)
      at async Test.run (node:internal/test_runner/test:1208:7)
      at async startSubtestAfterBootstrap (node:internal/test_runner/harness:385:3)

test at src\tests\journal.test.ts:2:1792
Γ£û Classifies EVENT_RISK_AVOIDABLE correctly (4050.5389ms)
  PrismaClientInitializationError: 
  Invalid `prisma.tradeJournal.create()` invocation in
  C:\Users\hiren\.gemini\antigravity\scratch\cpr-calculator-platform\src\tests\journal.test.ts:44:31
  
    41 
    42 await t.test('Classifies EVENT_RISK_AVOIDABLE correctly', async () => {
    43   const mockId = 'test-trade-2';
  ΓåÆ 44   await prisma.tradeJournal.create(
  Can't reach database server at `localhost:5432`
  
  Please make sure your database server is running at `localhost:5432`.
      at ei.handleRequestError (C:\Users\hiren\.gemini\antigravity\scratch\cpr-calculator-platform\node_modules\@prisma\client\src\runtime\RequestHandler.ts:242:13)
      at ei.handleAndLogRequestError (C:\Users\hiren\.gemini\antigravity\scratch\cpr-calculator-platform\node_modules\@prisma\client\src\runtime\RequestHandler.ts:174:12)
      at ei.request (C:\Users\hiren\.gemini\antigravity\scratch\cpr-calculator-platform\node_modules\@prisma\client\src\runtime\RequestHandler.ts:143:12)
      at async a (C:\Users\hiren\.gemini\antigravity\scratch\cpr-calculator-platform\node_modules\@prisma\client\src\runtime\getPrismaClient.ts:833:24)
      at async TestContext.<anonymous> (C:\Users\hiren\.gemini\antigravity\scratch\cpr-calculator-platform\src\tests\journal.test.ts:44:5)
      at async Test.run (node:internal/test_runner/test:1208:7)
      at async TestContext.<anonymous> (C:\Users\hiren\.gemini\antigravity\scratch\cpr-calculator-platform\src\tests\journal.test.ts:42:3)
      at async Test.run (node:internal/test_runner/test:1208:7)
      at async startSubtestAfterBootstrap (node:internal/test_runner/harness:385:3)

test at src\tests\telegram.service.test.ts:2:1416
Γ£û decrypts telegramToken before sending breakout alert (8184.8946ms)
  PrismaClientInitializationError: 
  Invalid `prisma.appSettings.deleteMany()` invocation in
  C:\Users\hiren\.gemini\antigravity\scratch\cpr-calculator-platform\src\tests\telegram.service.test.ts:12:30
  
     9 
    10 beforeEach(async () => {
    11   originalFetch = global.fetch;
  ΓåÆ 12   await prisma.appSettings.deleteMany(
  Can't reach database server at `localhost:5432`
  
  Please make sure your database server is running at `localhost:5432`.
      at ei.handleRequestError (C:\Users\hiren\.gemini\antigravity\scratch\cpr-calculator-platform\node_modules\@prisma\client\src\runtime\RequestHandler.ts:242:13)
      at ei.handleAndLogRequestError (C:\Users\hiren\.gemini\antigravity\scratch\cpr-calculator-platform\node_modules\@prisma\client\src\runtime\RequestHandler.ts:174:12)
      at ei.request (C:\Users\hiren\.gemini\antigravity\scratch\cpr-calculator-platform\node_modules\@prisma\client\src\runtime\RequestHandler.ts:143:12)
      at async a (C:\Users\hiren\.gemini\antigravity\scratch\cpr-calculator-platform\node_modules\@prisma\client\src\runtime\getPrismaClient.ts:833:24)
      at async TestContext.<anonymous> (C:\Users\hiren\.gemini\antigravity\scratch\cpr-calculator-platform\src\tests\telegram.service.test.ts:12:5)
      at async TestHook.run (node:internal/test_runner/test:1208:7)
      at async Suite.runHook (node:internal/test_runner/test:1117:9)
      at async Test.run (node:internal/test_runner/test:1176:9)
      at async Promise.all (index 0)
      at async Suite.run (node:internal/test_runner/test:1619:7)
